// Jest Snapshot v1, https://goo.gl/fbAQLP

exports[`Custom Test renders text correctly or not 1`] = `[Function]`;
